[0.023s] Invoking command in '/workspaces/isaac_ros-dev/build/more_interfaces': /usr/bin/cmake /workspaces/isaac_ros-dev/src/more_interfaces -DCMAKE_INSTALL_PREFIX=/workspaces/isaac_ros-dev/install/more_interfaces
[0.056s] -- Found ament_cmake: 1.3.9 (/opt/ros/humble/share/ament_cmake/cmake)
[0.368s] -- Found rosidl_default_generators: 1.2.0 (/opt/ros/humble/share/rosidl_default_generators/cmake)
[0.373s] -- Using all available rosidl_typesupport_c: rosidl_typesupport_fastrtps_c;rosidl_typesupport_introspection_c
[0.384s] -- Found rosidl_adapter: 3.1.5 (/opt/ros/humble/share/rosidl_adapter/cmake)
[0.462s] -- Using all available rosidl_typesupport_cpp: rosidl_typesupport_fastrtps_cpp;rosidl_typesupport_introspection_cpp
[0.897s] Error parsing '/workspaces/isaac_ros-dev/src/more_interfaces/package.xml':
[0.897s] Traceback (most recent call last):
[0.897s]   File "/usr/lib/python3/dist-packages/catkin_pkg/package.py", line 610, in parse_package_string
[0.897s]     root = dom.parseString(data)
[0.898s]   File "/usr/lib/python3.10/xml/dom/minidom.py", line 2000, in parseString
[0.898s]     return expatbuilder.parseString(string)
[0.898s]   File "/usr/lib/python3.10/xml/dom/expatbuilder.py", line 925, in parseString
[0.898s]     return builder.parseString(string)
[0.898s]   File "/usr/lib/python3.10/xml/dom/expatbuilder.py", line 223, in parseString
[0.898s]     parser.Parse(string, True)
[0.899s] xml.parsers.expat.ExpatError: mismatched tag: line 14, column 46
[0.899s] 
[0.899s] During handling of the above exception, another exception occurred:
[0.899s] 
[0.899s] Traceback (most recent call last):
[0.899s]   File "/opt/ros/humble/share/ament_cmake_core/cmake/core/package_xml_2_cmake.py", line 150, in <module>
[0.899s]     main()
[0.899s]   File "/opt/ros/humble/share/ament_cmake_core/cmake/core/package_xml_2_cmake.py", line 53, in main
[0.900s]     raise e
[0.900s]   File "/opt/ros/humble/share/ament_cmake_core/cmake/core/package_xml_2_cmake.py", line 49, in main
[0.900s]     package = parse_package_string(
[0.900s]   File "/usr/lib/python3/dist-packages/catkin_pkg/package.py", line 612, in parse_package_string
[0.900s]     raise InvalidPackage('The manifest contains invalid XML:\n%s' % ex, filename)
[0.900s] catkin_pkg.package.InvalidPackage: Error(s) in package '/workspaces/isaac_ros-dev/src/more_interfaces/package.xml':
[0.900s] The manifest contains invalid XML:
[0.901s] mismatched tag: line 14, column 46
[0.919s] [31mCMake Error at /opt/ros/humble/share/ament_cmake_core/cmake/core/ament_package_xml.cmake:95 (message):
[0.920s]   execute_process(/usr/bin/python3
[0.920s]   /opt/ros/humble/share/ament_cmake_core/cmake/core/package_xml_2_cmake.py
[0.920s]   /workspaces/isaac_ros-dev/src/more_interfaces/package.xml
[0.920s]   /workspaces/isaac_ros-dev/build/more_interfaces/ament_cmake_core/package.cmake)
[0.921s]   returned error code 1
[0.921s] Call Stack (most recent call first):
[0.921s]   /opt/ros/humble/share/ament_cmake_core/cmake/core/ament_package_xml.cmake:49 (_ament_package_xml)
[0.921s]   /opt/ros/humble/share/rosidl_cmake/cmake/rosidl_generate_interfaces.cmake:226 (ament_package_xml)
[0.922s]   CMakeLists.txt:19 (rosidl_generate_interfaces)
[0.922s] 
[0.922s] [0m
[0.922s] -- Configuring incomplete, errors occurred!
[0.922s] See also "/workspaces/isaac_ros-dev/build/more_interfaces/CMakeFiles/CMakeOutput.log".
[0.945s] Invoked command in '/workspaces/isaac_ros-dev/build/more_interfaces' returned '1': /usr/bin/cmake /workspaces/isaac_ros-dev/src/more_interfaces -DCMAKE_INSTALL_PREFIX=/workspaces/isaac_ros-dev/install/more_interfaces
